[ignitedmindsit.com/index.html]
[backblue.gif]
[fade.gif]
[index.html]
[ignitedmindsit.com/feed/index.html]
[ignitedmindsit.com/comments/feed/index.html]
[ignitedmindsit.com/wp-includes/js/jquery/jquery.minaf6c.js]
[ignitedmindsit.com/wp-includes/js/jquery/jquery-migrate.mind617.js]
[ignitedmindsit.com/wp-content/plugins/preloader-plus/assets/js/preloader-plus.min77e6.js]
[ignitedmindsit.com/wp-json/index.html]
[ignitedmindsit.com/wp-json/wp/v2/pages/12.json]
[ignitedmindsit.com/xmlrpc0db0.php]
[ignitedmindsit.com/wp-includes/wlwmanifest.xml]
[ignitedmindsit.com/wp-json/oembed/1.0/embedbbae.json]
[ignitedmindsit.com/wp-json/oembed/1.0/embedab49]
[ignitedmindsit.com/wp-content/uploads/2021/05/ignited-minds-Logo-150x150.png]
[ignitedmindsit.com/wp-content/uploads/2021/05/ignited-minds-Logo-300x300.png]
[ignitedmindsit.com/wp-content/uploads/2021/05/ignited-minds-2-300x300.png]
[ignitedmindsit.com/wp-content/uploads/2021/06/Milestones-Achieved-300x300.jpg]
[ignitedmindsit.com/wp-content/uploads/2021/06/Milestones-Achieved-1-300x300.jpg]
[ignitedmindsit.com/wp-content/uploads/2021/05/Untitled-design-20-300x300.jpg]
[ignitedmindsit.com/wp-content/uploads/2021/06/Milestones-Achieved-3-300x300.jpg]
[ignitedmindsit.com/wp-content/uploads/2021/06/Ignited-minds-7.jpg]
[ignitedmindsit.com/wp-content/uploads/2021/06/Ignited-minds-6.jpg]
[ignitedmindsit.com/about-us/index.html]
[ignitedmindsit.com/wp-content/uploads/2021/06/Untitled-design-15-1024x853.jpg]
[ignitedmindsit.com/courses/index.html]
[ignitedmindsit.com/wp-content/uploads/2021/06/1.png]
[ignitedmindsit.com/oracle/index.html]
[ignitedmindsit.com/wp-content/uploads/2021/06/Akash-Jaiswal-1.png]
[ignitedmindsit.com/wp-content/uploads/2021/06/2.png]
[ignitedmindsit.com/wp-content/uploads/2021/06/Akash-Jaiswal.png]
[ignitedmindsit.com/python/index.html]
[ignitedmindsit.com/awsdeops/index.html]
[ignitedmindsit.com/wp-content/uploads/2021/06/3.png]
[ignitedmindsit.com/reactjs/index.html]
[ignitedmindsit.com/snowflake-online-training/index.html]
[ignitedmindsit.com/placements/index.html]
[ignitedmindsit.com/wp-content/uploads/2021/06/4.png]
[ignitedmindsit.com/videos-notes/index.html]
[ignitedmindsit.com/registration/index.html]
[ignitedmindsit.com/wp-content/uploads/2021/06/5.png]
[ignitedmindsit.com/wp-content/uploads/2021/05/4-300x300.jpg]
[ignitedmindsit.com/wp-content/uploads/2021/06/Untitled-design-33-300x300.jpg]
[ignitedmindsit.com/wp-content/uploads/2021/05/6-300x300.jpg]
[ignitedmindsit.com/wp-content/uploads/2021/06/Untitled-design-37-300x300.jpg]
[ignitedmindsit.com/wp-content/uploads/2021/06/Untitled-design-31-300x300.jpg]
[ignitedmindsit.com/wp-content/uploads/2021/05/7-300x300.jpg]
[ignitedmindsit.com/wp-content/uploads/2021/06/Untitled-design-32-300x300.jpg]
[ignitedmindsit.com/wp-content/uploads/2021/06/Untitled-design-34-300x300.jpg]
[ignitedmindsit.com/wp-content/uploads/2021/06/Untitled-design-35-300x300.jpg]
[ignitedmindsit.com/wp-content/uploads/2021/05/8-300x300.jpg]
[ignitedmindsit.com/wp-content/uploads/2021/06/Untitled-design-30-300x300.jpg]
[ignitedmindsit.com/wp-content/uploads/2021/06/Untitled-design-36-300x300.jpg]
[ignitedmindsit.com/wp-content/uploads/2021/06/18117445-Converted.png]
[ignitedmindsit.com/wp-content/uploads/essential-addons-elementor/cb70d11b8.mina789.js]
[ignitedmindsit.com/privacy-policy/index.html]
[ignitedmindsit.com/wp-content/themes/go/dist/js/frontend.minc2d0.js]
[ignitedmindsit.com/wp-includes/js/wp-embed.min29ad.js]
[ignitedmindsit.com/wp-content/plugins/header-footer-elementor/inc/js/frontend694e.js]
[ignitedmindsit.com/wp-content/plugins/elementor/assets/lib/jquery-numerator/jquery-numerator.min3958.js]
[ignitedmindsit.com/wp-includes/js/underscore.min0028.js]
[ignitedmindsit.com/wp-includes/js/backbone.min2fca.js]
[ignitedmindsit.com/wp-content/plugins/ninja-forms/assets/js/min/front-end-depsf4e1.js]
[ignitedmindsit.com/wp-content/plugins/ninja-forms/assets/js/min/front-endf4e1.js]
[ignitedmindsit.com/wp-content/plugins/elementor/assets/js/webpack.runtime.min1aae.js]
[ignitedmindsit.com/wp-content/plugins/elementor/assets/js/frontend-modules.min1aae.js]
[ignitedmindsit.com/wp-content/plugins/elementor/assets/lib/waypoints/waypoints.min05da.js]
[ignitedmindsit.com/wp-includes/js/jquery/ui/core.min35d0.js]
[ignitedmindsit.com/wp-content/plugins/elementor/assets/js/frontend.min1aae.js]
[ignitedmindsit.com/wp-includes/js/wp-util.min29ad.js]
[ignitedmindsit.com/wp-content/plugins/wpforms-lite/assets/js/integrations/elementor/frontend.minba3a.js]
[ignitedmindsit.com/index.html]
[ignitedmindsit.com/xmlrpc.php]
[ignitedmindsit.com/wp-includes/css/dist/block-library/style.min29ad.css]
[ignitedmindsit.com/wp-content/plugins/preloader-plus/assets/css/preloader-plus.min77e6.css]
[ignitedmindsit.com/wp-content/uploads/essential-addons-elementor/cb70d11b8.mina789.css]
[ignitedmindsit.com/wp-content/plugins/header-footer-elementor/assets/css/header-footer-elementor694e.css]
[ignitedmindsit.com/wp-content/plugins/elementor/assets/lib/eicons/fonts/eiconsc387.eot]
[ignitedmindsit.com/wp-content/plugins/elementor/assets/lib/eicons/fonts/eiconsc387.woff2]
[ignitedmindsit.com/wp-content/plugins/elementor/assets/lib/eicons/fonts/eiconsc387.woff]
[ignitedmindsit.com/wp-content/plugins/elementor/assets/lib/eicons/fonts/eiconsc387.ttf]
[ignitedmindsit.com/wp-content/plugins/elementor/assets/lib/eicons/css/elementor-icons.min05c8.css]
[ignitedmindsit.com/wp-content/plugins/essential-addons-for-elementor-lite/assets/admin/images/templately/logo-icon.svg]
[ignitedmindsit.com/wp-content/plugins/elementor/assets/css/frontend.min1aae.css]
[ignitedmindsit.com/wp-content/uploads/elementor/css/post-2897ab.css]
[ignitedmindsit.com/wp-content/uploads/elementor/css/global02fe.css]
[ignitedmindsit.com/wp-content/uploads/elementor/css/post-1202fe.css]
[ignitedmindsit.com/wp-content/plugins/header-footer-elementor/inc/widgets-css/frontend694e.css]
[ignitedmindsit.com/wp-content/uploads/elementor/css/post-31602fe.css]
[ignitedmindsit.com/wp-content/uploads/elementor/css/post-33802fe.css]
[ignitedmindsit.com/wp-content/themes/go/dist/css/style-shared.minc2d0.css]
[ignitedmindsit.com/wp-content/themes/go/dist/css/design-styles/style-modern.minc2d0.css]
[ignitedmindsit.com/wp-content/plugins/elementor/assets/lib/font-awesome/css/fontawesome.min52d5.css]
[ignitedmindsit.com/wp-content/plugins/elementor/assets/lib/font-awesome/webfonts/fa-solid-900.eot]
[ignitedmindsit.com/wp-content/plugins/elementor/assets/lib/font-awesome/webfonts/fa-solid-900d41d.eot]
[ignitedmindsit.com/wp-content/plugins/elementor/assets/lib/font-awesome/webfonts/fa-solid-900.woff2]
[ignitedmindsit.com/wp-content/plugins/elementor/assets/lib/font-awesome/webfonts/fa-solid-900.woff]
[ignitedmindsit.com/wp-content/plugins/elementor/assets/lib/font-awesome/webfonts/fa-solid-900.ttf]
[ignitedmindsit.com/wp-content/plugins/elementor/assets/lib/font-awesome/css/solid.min52d5.css]
[ignitedmindsit.com/wp-content/plugins/elementor/assets/lib/font-awesome/webfonts/fa-brands-400.eot]
[ignitedmindsit.com/wp-content/plugins/elementor/assets/lib/font-awesome/webfonts/fa-brands-400d41d.eot]
[ignitedmindsit.com/wp-content/plugins/elementor/assets/lib/font-awesome/webfonts/fa-brands-400.woff2]
[ignitedmindsit.com/wp-content/plugins/elementor/assets/lib/font-awesome/webfonts/fa-brands-400.woff]
[ignitedmindsit.com/wp-content/plugins/elementor/assets/lib/font-awesome/webfonts/fa-brands-400.ttf]
[ignitedmindsit.com/wp-content/plugins/elementor/assets/lib/font-awesome/css/brands.min52d5.css]
[ignitedmindsit.com/wp-content/plugins/elementor/assets/lib/font-awesome/webfonts/fa-regular-400.eot]
[ignitedmindsit.com/wp-content/plugins/elementor/assets/lib/font-awesome/webfonts/fa-regular-400d41d.eot]
[ignitedmindsit.com/wp-content/plugins/elementor/assets/lib/font-awesome/webfonts/fa-regular-400.woff2]
[ignitedmindsit.com/wp-content/plugins/elementor/assets/lib/font-awesome/webfonts/fa-regular-400.woff]
[ignitedmindsit.com/wp-content/plugins/elementor/assets/lib/font-awesome/webfonts/fa-regular-400.ttf]
[ignitedmindsit.com/wp-content/plugins/elementor/assets/lib/font-awesome/css/regular.min52d5.css]
[ignitedmindsit.com/wp-json/wp/v2/pages/67.json]
[ignitedmindsit.com/wp-json/oembed/1.0/embed4812.json]
[ignitedmindsit.com/wp-json/oembed/1.0/embed9a41]
[ignitedmindsit.com/wp-content/uploads/2021/06/FOREIGN201706221536000273684773572.jpg]
[ignitedmindsit.com/wp-content/uploads/2021/06/SQL-dd-1024x1024.jpg]
[ignitedmindsit.com/wp-content/uploads/2021/06/SQL-dd-1-1024x1024.jpg]
[ignitedmindsit.com/wp-content/uploads/2021/06/SQL-dd-2-1024x1024.jpg]
[ignitedmindsit.com/wp-content/uploads/2021/06/SQL-dd-3-1024x1024.jpg]
[ignitedmindsit.com/wp-content/uploads/2021/06/SQL-dd-4-1024x1024.jpg]
[ignitedmindsit.com/wp-content/uploads/2021/06/SQL-dd-5-1024x1024.jpg]
[ignitedmindsit.com/wp-content/uploads/2021/06/SQL-dd-6-1024x1024.jpg]
[ignitedmindsit.com/wp-content/uploads/2021/06/SQL-dd-7-1024x1024.jpg]
[ignitedmindsit.com/wp-content/uploads/2021/06/SQL-dd-8-1024x1024.jpg]
[ignitedmindsit.com/about-us/index.html]
[ignitedmindsit.com/wp-json/wp/v2/pages/69.json]
[ignitedmindsit.com/wp-json/oembed/1.0/embed6ad4.json]
[ignitedmindsit.com/wp-json/oembed/1.0/embed9f95]
[ignitedmindsit.com/wp-content/uploads/2021/06/6.jpg]
[ignitedmindsit.com/wp-content/uploads/2021/06/3.jpg]
[ignitedmindsit.com/wp-content/uploads/2022/04/Your-paragraph-text-1400-×-400px.png]
[ignitedmindsit.com/wp-content/uploads/2021/06/Right-Placement-is-here-3.jpg]
[ignitedmindsit.com/wp-content/uploads/2021/06/Right-Placement-is-here-8.jpg]
[ignitedmindsit.com/wp-content/uploads/2021/06/6-1.jpg]
[ignitedmindsit.com/wp-content/uploads/2021/06/3-2.jpg]
[ignitedmindsit.com/wp-content/uploads/2021/06/4.jpg]
[ignitedmindsit.com/wp-content/uploads/2021/06/Copy-of-Right-Placement-is-here-2.jpg]
[ignitedmindsit.com/wp-content/uploads/2022/04/Your-paragraph-text-1.png]
[ignitedmindsit.com/wp-content/uploads/2021/05/Untitled-design-16-768x768.jpg]
[ignitedmindsit.com/courses/index.html]
[ignitedmindsit.com/wp-json/wp/v2/pages/81.json]
[ignitedmindsit.com/wp-json/oembed/1.0/embed553a.json]
[ignitedmindsit.com/wp-json/oembed/1.0/embed4327]
[ignitedmindsit.com/wp-content/uploads/2021/06/Right-Placement-is-here-4.jpg]
[ignitedmindsit.com/wp-content/uploads/2021/07/2581932.jpg]
[ignitedmindsit.com/wp-content/uploads/2021/06/Untitled-design-11-1024x1024.png]
[ignitedmindsit.com/wp-content/uploads/2021/06/2672334.png]
[ignitedmindsit.com/wp-content/uploads/2021/06/1.jpg]
[ignitedmindsit.com/wp-content/uploads/2021/06/2-1.jpg]
[ignitedmindsit.com/wp-content/uploads/2021/06/3-3.jpg]
[ignitedmindsit.com/wp-content/uploads/2021/06/4-1.jpg]
[ignitedmindsit.com/wp-content/uploads/2021/06/5-2.jpg]
[ignitedmindsit.com/wp-content/uploads/2021/06/SQL-dd.png]
[ignitedmindsit.com/wp-content/uploads/2021/06/Daily-1hr-Class.jpg]
[ignitedmindsit.com/wp-content/uploads/essential-addons-elementor/5472ab05e.min6f8d.js]
[ignitedmindsit.com/wp-content/plugins/elementor/assets/lib/font-awesome/js/v4-shims.min972f.js]
[ignitedmindsit.com/oracle/index.html]
[ignitedmindsit.com/wp-json/wp/v2/pages/85.json]
[ignitedmindsit.com/wp-json/oembed/1.0/embedb272.json]
[ignitedmindsit.com/wp-json/oembed/1.0/embed0671]
[ignitedmindsit.com/wp-content/uploads/2021/05/Untitled-design-23-1024x1024.jpg]
[ignitedmindsit.com/wp-content/uploads/2021/06/Milestones-Achieved-1-1024x1024.png]
[ignitedmindsit.com/wp-content/uploads/2021/06/Milestones-Achieved-16.png]
[ignitedmindsit.com/wp-content/uploads/2021/06/Milestones-Achieved-17.png]
[ignitedmindsit.com/wp-content/uploads/2021/06/Milestones-Achieved-18.png]
[ignitedmindsit.com/wp-content/uploads/2021/06/Milestones-Achieved-19.png]
[ignitedmindsit.com/wp-content/uploads/2021/06/Milestones-Achieved-20.png]
[ignitedmindsit.com/wp-content/uploads/2021/06/Milestones-Achieved-21.png]
[ignitedmindsit.com/wp-content/uploads/essential-addons-elementor/d38c6fa6f.minac26.js]
[ignitedmindsit.com/python/index.html]
[ignitedmindsit.com/wp-json/wp/v2/pages/79.json]
[ignitedmindsit.com/wp-json/oembed/1.0/embed4039.json]
[ignitedmindsit.com/wp-json/oembed/1.0/embed9533]
[ignitedmindsit.com/wp-content/uploads/2021/05/Untitled-design-22-768x768.jpg]
[ignitedmindsit.com/wp-content/uploads/2021/06/Milestones-Achieved-3-1024x1024.png]
[ignitedmindsit.com/wp-content/uploads/2021/06/Milestones-Achieved-4.png]
[ignitedmindsit.com/wp-content/uploads/2021/06/Milestones-Achieved-5.png]
[ignitedmindsit.com/wp-content/uploads/2021/06/Milestones-Achieved-6.png]
[ignitedmindsit.com/wp-content/uploads/2021/06/Milestones-Achieved-7.png]
[ignitedmindsit.com/wp-content/uploads/2021/06/Milestones-Achieved-9.png]
[ignitedmindsit.com/wp-content/uploads/2021/06/Milestones-Achieved-10.png]
[ignitedmindsit.com/wp-content/uploads/essential-addons-elementor/827c5d479.minac26.js]
[ignitedmindsit.com/awsdeops/index.html]
[ignitedmindsit.com/wp-json/wp/v2/pages/83.json]
[ignitedmindsit.com/wp-json/oembed/1.0/embedfbde.json]
[ignitedmindsit.com/wp-json/oembed/1.0/embedf3ec]
[ignitedmindsit.com/wp-content/uploads/2021/06/Milestones-Achieved-4.jpg]
[ignitedmindsit.com/wp-content/uploads/2021/06/Milestones-Achieved-1024x1024.png]
[ignitedmindsit.com/wp-content/uploads/2021/06/Milestones-Achieved-11.png]
[ignitedmindsit.com/wp-content/uploads/2021/06/Milestones-Achieved-14.png]
[ignitedmindsit.com/wp-content/uploads/2021/06/Milestones-Achieved-12.png]
[ignitedmindsit.com/wp-content/uploads/2021/06/Milestones-Achieved-13.png]
[ignitedmindsit.com/wp-content/uploads/2021/06/Milestones-Achieved-8.png]
[ignitedmindsit.com/wp-content/uploads/essential-addons-elementor/ad3cbd282.min8efc.js]
[ignitedmindsit.com/reactjs/index.html]
[ignitedmindsit.com/wp-json/wp/v2/pages/2355.json]
[ignitedmindsit.com/wp-json/oembed/1.0/embed3fdd.json]
[ignitedmindsit.com/wp-json/oembed/1.0/embede816]
[ignitedmindsit.com/wp-content/uploads/2022/04/ONLINE-TRAINING.png]
[ignitedmindsit.com/snowflake-online-training/index.html]
[ignitedmindsit.com/wp-json/wp/v2/pages/72.json]
[ignitedmindsit.com/wp-json/oembed/1.0/embed371e.json]
[ignitedmindsit.com/wp-json/oembed/1.0/embed3e70]
[ignitedmindsit.com/wp-content/uploads/2021/06/Right-Placement-is-here-2.jpg]
[ignitedmindsit.com/wp-content/uploads/2021/05/1-on-1-Mentors-3.jpg]
[ignitedmindsit.com/wp-content/uploads/2021/05/Level-0-Support-Engineer.jpg]
[ignitedmindsit.com/wp-content/uploads/2021/05/EiBqRQPVgAA9XV-.jpg]
[ignitedmindsit.com/wp-content/uploads/2021/05/word-image-13.jpg]
[ignitedmindsit.com/wp-content/uploads/2021/05/images.jpg]
[ignitedmindsit.com/placements/index.html]
[ignitedmindsit.com/videos-notes/index.html]
[ignitedmindsit.com/wp-json/wp/v2/pages/74.json]
[ignitedmindsit.com/wp-json/oembed/1.0/embed220e.json]
[ignitedmindsit.com/wp-json/oembed/1.0/embedbd11]
[ignitedmindsit.com/wp-content/uploads/2021/05/Untitled-design-26-300x300.jpg]
[ignitedmindsit.com/wp-content/uploads/essential-addons-elementor/3aac223cb.min7de0.js]
[ignitedmindsit.com/registration/index.html]
[ignitedmindsit.com/wp-json/wp/v2/pages/2329.json]
[ignitedmindsit.com/wp-json/oembed/1.0/embed05bf.json]
[ignitedmindsit.com/wp-json/oembed/1.0/embed5aba]
[ignitedmindsit.com/privacy-policy/index.html]
[ignitedmindsit.com/wp-includes/fonts/dashicons7d4b.eot]
[ignitedmindsit.com/wp-includes/fonts/dashicons7d4b.ttf]
[ignitedmindsit.com/wp-includes/css/dashicons.min29ad.css]
[ignitedmindsit.com/wp-content/plugins/ninja-forms/assets/img/help-info.png]
[ignitedmindsit.com/wp-content/plugins/ninja-forms/assets/css/display-opinions-light29ad.css]
[ignitedmindsit.com/wp-content/plugins/ninja-forms/assets/fonts/fontawesome-webfont3295.eot]
[ignitedmindsit.com/wp-content/plugins/ninja-forms/assets/fonts/fontawesome-webfontd41d.eot]
[ignitedmindsit.com/wp-content/plugins/ninja-forms/assets/fonts/fontawesome-webfont3295.woff2]
[ignitedmindsit.com/wp-content/plugins/ninja-forms/assets/fonts/fontawesome-webfont3295.woff]
[ignitedmindsit.com/wp-content/plugins/ninja-forms/assets/fonts/fontawesome-webfont3295.ttf]
[ignitedmindsit.com/wp-content/plugins/ninja-forms/assets/css/font-awesome.min29ad.css]
[ignitedmindsit.com/wp-content/plugins/elementor/assets/lib/animations/animations.min1aae.css]
[ignitedmindsit.com/wp-content/plugins/elementor/assets/lib/eicons/fonts/eiconsc387.svg]
[ignitedmindsit.com/wp-content/themes/go/dist/images/checkbox.svg]
[ignitedmindsit.com/wp-content/themes/go/dist/images/checkbox-checked.svg]
[ignitedmindsit.com/wp-content/themes/go/images/arrow-down-solid.html]
[ignitedmindsit.com/wp-content/themes/go/dist/shared/images/arrow-down-solid.html]
[ignitedmindsit.com/wp-content/themes/go/dist/shared/images/error-icon.html]
[ignitedmindsit.com/wp-content/themes/go/dist/images/arrow-paginator.svg]
[ignitedmindsit.com/wp-content/themes/go/dist/images/error-icon.svg]
[ignitedmindsit.com/wp-content/themes/go/dist/images/design-styles/modern/carousel-arrow.svg]
[ignitedmindsit.com/wp-content/plugins/elementor/assets/lib/font-awesome/webfonts/fa-solid-900.svg]
[ignitedmindsit.com/wp-content/plugins/elementor/assets/lib/font-awesome/webfonts/fa-brands-400.svg]
[ignitedmindsit.com/wp-content/plugins/elementor/assets/lib/font-awesome/webfonts/fa-regular-400.svg]
[ignitedmindsit.com/wp-content/uploads/elementor/css/post-671d0d.css]
[ignitedmindsit.com/index96f1.html]
[ignitedmindsit.com/wp-content/uploads/elementor/css/post-69c5fb.css]
[ignitedmindsit.com/indexe2dc.html]
[ignitedmindsit.com/wp-content/uploads/essential-addons-elementor/5472ab05e.min6f8d.css]
[ignitedmindsit.com/wp-content/uploads/elementor/css/post-81b626.css]
[ignitedmindsit.com/index44d0.html]
[ignitedmindsit.com/wp-content/plugins/elementor/assets/lib/font-awesome/css/all.min972f.css]
[ignitedmindsit.com/wp-content/plugins/elementor/assets/lib/font-awesome/css/v4-shims.min972f.css]
[ignitedmindsit.com/wp-content/uploads/essential-addons-elementor/d38c6fa6f.minac26.css]
[ignitedmindsit.com/wp-content/uploads/elementor/css/post-854157.css]
[ignitedmindsit.com/index648c.html]
[ignitedmindsit.com/wp-content/uploads/essential-addons-elementor/827c5d479.minac26.css]
[ignitedmindsit.com/wp-content/uploads/elementor/css/post-7905e7.css]
[ignitedmindsit.com/index6ffe.html]
[ignitedmindsit.com/wp-content/uploads/essential-addons-elementor/ad3cbd282.min8efc.css]
[ignitedmindsit.com/wp-content/uploads/elementor/css/post-83b5d8.css]
[ignitedmindsit.com/index55e4.html]
[ignitedmindsit.com/wp-content/uploads/elementor/css/post-23552d4f.css]
[ignitedmindsit.com/index1731.html]
[ignitedmindsit.com/wp-content/uploads/elementor/css/post-72c39f.css]
[ignitedmindsit.com/indexae74.html]
[ignitedmindsit.com/wp-content/uploads/essential-addons-elementor/3aac223cb.min7de0.css]
[ignitedmindsit.com/wp-content/uploads/2021/05/Untitled-design-15.jpg]
[ignitedmindsit.com/wp-content/uploads/elementor/css/post-74035d.css]
[ignitedmindsit.com/index49a5.html]
[ignitedmindsit.com/index2591.html]
[ignitedmindsit.com/wp-content/plugins/ninja-forms/assets/fonts/fontawesome-webfont3295.svg]
